Created C:\dev\PAB-750\block-sdk\samples\tests\Offset\Output\win32\block-output.zip
