apama.analyticsbuilder.BlockInfoRequest(2,"EN","blockInfo-2")
apama.analyticsbuilder.BlockInfoResponse({"block-output":[any(dictionary<any,any>,{any(string,"blockType"):any(string,"c8y_Input"),any(string,"category"):any(string,"Input"),any(string,"description"):any(string,"Receives <tt>ManagedObject</tt> events from Cumulocity and extracts device location information."),any(string,"extendedDescription"):any(string,"The output is a pulse that is triggered on every update of the managed object.  This will contain properties such as 'alt', 'lng' and 'lat' - see https://cumulocity.com/guides/concepts/domain-model/"),any(string,"id"):any(string,"apamax.analyticsbuilder.samples.DeviceLocationInput"),any(string,"inputs"):any(sequence<any>,[]),any(string,"name"):any(string,"Device or Device Group Location Input"),any(string,"outputs"):any(sequence<any>,[any(dictionary<any,any>,{any(string,"description"):any(string,"The location from the <tt>ManagedObject</tt>."),any(string,"id"):any(string,"location"),any(string,"name"):any(string,"Location"),any(string,"type"):any(string,"pulse")})]),any(string,"parameters"):any(sequence<any>,[any(dictionary<any,any>,{any(string,"description"):any(string,"The device or device group from which the location has been received."),any(string,"extendedDescription"):any(string,"The model editor uses the current device or group name. This is mapped internally to the inventory identifier."),any(string,"id"):any(string,"deviceId"),any(string,"name"):any(string,"Device or Device Group"),any(string,"semanticType"):any(string,"c8y_deviceOrGroupId"),any(string,"type"):any(string,"string")})])}),any(dictionary<any,any>,{any(string,"category"):any(string,"Calculations"),any(string,"description"):any(string,"Calculates the absolute and signed differences between the connected inputs."),any(string,"extendedDescription"):any(string,"Only generates an output if both the inputs receive a value."),any(string,"id"):any(string,"apamax.analyticsbuilder.samples.Difference"),any(string,"inputs"):any(sequence<any>,[any(dictionary<any,any>,{any(string,"description"):any(string,"First input to the block."),any(string,"id"):any(string,"value1"),any(string,"name"):any(string,"Value 1"),any(string,"type"):any(string,"float")}),any(dictionary<any,any>,{any(string,"description"):any(string,"Second input to the block."),any(string,"id"):any(string,"value2"),any(string,"name"):any(string,"Value 2"),any(string,"type"):any(string,"float")})]),any(string,"name"):any(string,"Difference"),any(string,"outputs"):any(sequence<any>,[any(dictionary<any,any>,{any(string,"description"):any(string,"The absolute difference of the inputs."),any(string,"id"):any(string,"absoluteDifference"),any(string,"name"):any(string,"Absolute Difference"),any(string,"type"):any(string,"float")}),any(dictionary<any,any>,{any(string,"description"):any(string,"The signed difference of the inputs. Positive if the Value 1 input is larger than the Value 2 input."),any(string,"id"):any(string,"signedDifference"),any(string,"name"):any(string,"Signed Difference"),any(string,"type"):any(string,"float")})]),any(string,"parameters"):any(sequence<any>,[])}),any(dictionary<any,any>,{any(string,"blockType"):any(string,"c8y_Input"),any(string,"category"):any(string,"Input"),any(string,"description"):any(string,"Receives <tt>Measurement</tt> objects from Cumulocity and outputs the ratio between values on the numerator and denominator inputs."),any(string,"extendedDescription"):any(string,"This also generates output to measurements defined by ratio and inverse ratio."),any(string,"id"):any(string,"apamax.analyticsbuilder.samples.DualMeasurementIO"),any(string,"inputs"):any(sequence<any>,[]),any(string,"name"):any(string,"Dual Measurement Input"),any(string,"outputs"):any(sequence<any>,[any(dictionary<any,any>,{any(string,"description"):any(string,"The numerator value divided by denominator."),any(string,"id"):any(string,"ratio"),any(string,"name"):any(string,"Ratio"),any(string,"type"):any(string,"float")})]),any(string,"parameters"):any(sequence<any>,[any(dictionary<any,any>,{any(string,"description"):any(string,"The device or device group from which the measurements have been received."),any(string,"extendedDescription"):any(string,"The model editor uses the current device or device group name. This is mapped internally to the inventory identifier."),any(string,"id"):any(string,"deviceId"),any(string,"name"):any(string,"Device or Device Group"),any(string,"semanticType"):any(string,"c8y_deviceOrGroupId"),any(string,"type"):any(string,"string")}),any(dictionary<any,any>,{any(string,"defaultValue"):any(string,"numerator"),any(string,"description"):any(string,"Name of the input fragment for the numerator."),any(string,"id"):any(string,"numeratorFragment"),any(string,"name"):any(string,"Input Numerator Fragment"),any(string,"type"):any(string,"string")}),any(dictionary<any,any>,{any(string,"defaultValue"):any(string,"denominator"),any(string,"description"):any(string,"Name of the input fragment for the denominator."),any(string,"id"):any(string,"denominatorFragment"),any(string,"name"):any(string,"Input Denominator Fragment"),any(string,"type"):any(string,"string")}),any(dictionary<any,any>,{any(string,"defaultValue"):any(string,"ratio"),any(string,"description"):any(string,"Name of the output fragment for the ratio."),any(string,"id"):any(string,"ratioFragment"),any(string,"name"):any(string,"Output Ratio Fragment"),any(string,"type"):any(string,"string")}),any(dictionary<any,any>,{any(string,"defaultValue"):any(string,"inverse"),any(string,"description"):any(string,"Name of the output fragment for the inverse ratio."),any(string,"id"):any(string,"inverseFragment"),any(string,"name"):any(string,"Output Inverse Ratio Fragment"),any(string,"type"):any(string,"string")})])}),any(dictionary<any,any>,{any(string,"category"):any(string,"Output"),any(string,"description"):any(string,"Invokes a REST endpoint using POST"),any(string,"extendedDescription"):any(string,"An example of HTTP request from the block: <pre>\n<p></p>\nContent-Type: application/json\n<p></p>\n{\n<p></p>\nmodelName\":\"model_0\",\n<p></p>\nvalue\": {\n<p></p>\nvalue\":true,\n<p></p>\ntimestamp\":\"1563466239\",\n<p></p>\nproperties\": {\n<p></p>\nalt\":\"451\",\n<p></p>\nlng\":\"0.42\",\n<p></p>\nlat\":\"52.35\n<p></p>\n}\n<p></p>\n}\n<p></p>\n}\n<p></p>\n</pre>"),any(string,"id"):any(string,"apamax.analyticsbuilder.samples.HTTPOutput"),any(string,"inputs"):any(sequence<any>,[any(dictionary<any,any>,{any(string,"description"):any(string,"Input value to the block. This will be sent in the body of the post request."),any(string,"id"):any(string,"value"),any(string,"name"):any(string,"Value"),any(string,"type"):any(string,"any")})]),any(string,"name"):any(string,"HTTPOutput"),any(string,"outputs"):any(sequence<any>,[any(dictionary<any,any>,{any(string,"description"):any(string,"The HTTP response - any JSON properties are available as properties that the PropertyExtractor block can extract."),any(string,"id"):any(string,"responseBody"),any(string,"name"):any(string,"Response body"),any(string,"type"):any(string,"pulse")}),any(dictionary<any,any>,{any(string,"description"):any(string,"The HTTP response status code."),any(string,"id"):any(string,"statusCode"),any(string,"name"):any(string,"Response status code"),any(string,"type"):any(string,"float")})]),any(string,"parameters"):any(sequence<any>,[any(dictionary<any,any>,{any(string,"description"):any(string,"A valid host name or IP address."),any(string,"id"):any(string,"host"),any(string,"name"):any(string,"Host"),any(string,"type"):any(string,"string")}),any(dictionary<any,any>,{any(string,"description"):any(string,"A path component, consisting of a sequence of path segments separated by a slash (/). A path is always defined for a URI, though the defined path may be empty."),any(string,"id"):any(string,"path"),any(string,"name"):any(string,"Path"),any(string,"type"):any(string,"string")}),any(dictionary<any,any>,{any(string,"description"):any(string,"The host port number."),any(string,"id"):any(string,"port"),any(string,"name"):any(string,"Port"),any(string,"type"):any(string,"integer")}),any(dictionary<any,any>,{any(string,"defaultValue"):any(boolean,false),any(string,"description"):any(string,"If selected, block will use Transport-level security to transfer data over the network.  Certificate checking is not enabled."),any(string,"id"):any(string,"tlsEnabled"),any(string,"name"):any(string,"Use HTTPS"),any(string,"type"):any(string,"boolean")})])}),any(dictionary<any,any>,{any(string,"category"):any(string,"Calculations"),any(string,"id"):any(string,"apamax.analyticsbuilder.samples.Offset"),any(string,"inputs"):any(sequence<any>,[any(dictionary<any,any>,{any(string,"description"):any(string,"input to the block."),any(string,"id"):any(string,"value"),any(string,"name"):any(string,"value"),any(string,"type"):any(string,"float")})]),any(string,"outputs"):any(sequence<any>,[any(dictionary<any,any>,{any(string,"id"):any(string,"output"),any(string,"name"):any(string,"output"),any(string,"type"):any(string,"float")})]),any(string,"parameters"):any(sequence<any>,[])}),any(dictionary<any,any>,{any(string,"category"):any(string,"Aggregates"),any(string,"description"):any(string,"Calculates a percentile based on the duration a value has been the current input to the Time Window block. The input of this block must be connected to a Time Window block output."),any(string,"extendedDescription"):any(string,"The Percentile block provides the value that the time window's output was at or below for at least the specified percentage of the time.  Thus, a percentile of 0 is equivalent to the minimum, a percentile of 100 is equivalent to the maximum.  A percentile of 50 will give the value which the input (to the time window block) was at or below for 50% of the time.\n<p></p>\nA median (percentile 50) is typically a more stable average than the mean, where it is unaffected by the magnitude of spike values, and a 95th or 99th percentile may be useful in determining service level agreements (SLAs) thresholds."),any(string,"id"):any(string,"apamax.analyticsbuilder.samples.Percentile"),any(string,"inputs"):any(sequence<any>,[any(dictionary<any,any>,{any(string,"description"):any(string,"Time Window input."),any(string,"id"):any(string,"window"),any(string,"name"):any(string,"Time Window"),any(string,"type"):any(string,"any")})]),any(string,"name"):any(string,"Percentile"),any(string,"outputs"):any(sequence<any>,[any(dictionary<any,any>,{any(string,"description"):any(string,"The nth percentile based on the window input."),any(string,"id"):any(string,"output"),any(string,"name"):any(string,"Percentile value"),any(string,"type"):any(string,"input(window)")})]),any(string,"parameters"):any(sequence<any>,[any(dictionary<any,any>,{any(string,"defaultValue"):any(float,50),any(string,"description"):any(string,"The percentile as a percentage (0-100)."),any(string,"extendedDescription"):any(string,"What percentile to calculate from the input. The default of 50 will generate a median value."),any(string,"id"):any(string,"percentile"),any(string,"name"):any(string,"Percentile"),any(string,"type"):any(string,"float")})])}),any(dictionary<any,any>,{any(string,"category"):any(string,"Flow Manipulation"),any(string,"derivedName"):any(string,"Delay $delaySecs secs"),any(string,"description"):any(string,"Delays the input by the specified amount of time."),any(string,"id"):any(string,"apamax.analyticsbuilder.samples.TimeDelay"),any(string,"inputs"):any(sequence<any>,[any(dictionary<any,any>,{any(string,"description"):any(string,"The input value to be delayed."),any(string,"id"):any(string,"value"),any(string,"name"):any(string,"Value"),any(string,"type"):any(string,"any")})]),any(string,"name"):any(string,"Time Delay"),any(string,"outputs"):any(sequence<any>,[any(dictionary<any,any>,{any(string,"description"):any(string,"The delayed output value."),any(string,"id"):any(string,"delayedValue"),any(string,"name"):any(string,"Delayed Value"),any(string,"type"):any(string,"input(value)")})]),any(string,"parameters"):any(sequence<any>,[any(dictionary<any,any>,{any(string,"description"):any(string,"The amount of time (in seconds) by which the input will be delayed."),any(string,"extendedDescription"):any(string,"This must be a finite and positive number."),any(string,"id"):any(string,"delaySecs"),any(string,"name"):any(string,"Delay (secs)"),any(string,"type"):any(string,"float")})])}),any(dictionary<any,any>,{any(string,"category"):any(string,"Aggregates"),any(string,"description"):any(string,"Accumulates all values received by the block within the window duration and provides these as a property on the output. For use with blocks that will use the <tt>timeWindow</tt> property output from this block."),any(string,"extendedDescription"):any(string,"<b>Warning</b> - high frequency input and/or long window durations can lead to excessive memory consumption and poor performance.  Aim for the number of values received within the window duration to be under 1,000 values."),any(string,"id"):any(string,"apamax.analyticsbuilder.samples.TimeWindow"),any(string,"inputs"):any(sequence<any>,[any(dictionary<any,any>,{any(string,"description"):any(string,"Value to accumulate."),any(string,"id"):any(string,"value"),any(string,"name"):any(string,"Value"),any(string,"type"):any(string,"any")})]),any(string,"name"):any(string,"Time Window"),any(string,"outputs"):any(sequence<any>,[any(dictionary<any,any>,{any(string,"description"):any(string,"Value containing a property <tt>timeWindow</tt> which is the contents of the window."),any(string,"id"):any(string,"windowContents"),any(string,"name"):any(string,"Window contents"),any(string,"type"):any(string,"input(value)")})]),any(string,"parameters"):any(sequence<any>,[any(dictionary<any,any>,{any(string,"description"):any(string,"The duration of the window."),any(string,"id"):any(string,"durationSecs"),any(string,"name"):any(string,"Duration (secs)"),any(string,"type"):any(string,"float")}),any(dictionary<any,any>,{any(string,"description"):any(string,"Time betweeen outputs.  If not specified, output period is the same as the window duration."),any(string,"id"):any(string,"outputPeriodSecs"),any(string,"name"):any(string,"Output period (secs)"),any(string,"optional"):any(boolean,true),any(string,"type"):any(string,"float")})])})],"runtime":[]},{"block-output":{"blk_apamax.analyticskit.samples.DualMeasurementInput_no_devices":"No devices found in group '{{0}}'","block_apamax.analyticsbuilder.samples.DeviceLocationInput_description":"Receives <tt>ManagedObject</tt> events from Cumulocity and extracts device location information.","block_apamax.analyticsbuilder.samples.DeviceLocationInput_extendedDescription":"The output is a pulse that is triggered on every update of the managed object.  This will contain properties such as 'alt', 'lng' and 'lat' - see https://cumulocity.com/guides/concepts/domain-model/","block_apamax.analyticsbuilder.samples.DeviceLocationInput_name":"Device or Device Group Location Input","block_apamax.analyticsbuilder.samples.DeviceLocationInput_outputs_location_description":"The location from the <tt>ManagedObject</tt>.","block_apamax.analyticsbuilder.samples.DeviceLocationInput_outputs_location_name":"Location","block_apamax.analyticsbuilder.samples.DeviceLocationInput_parameters_deviceId_description":"The device or device group from which the location has been received.","block_apamax.analyticsbuilder.samples.DeviceLocationInput_parameters_deviceId_extendedDescription":"The model editor uses the current device or group name. This is mapped internally to the inventory identifier.","block_apamax.analyticsbuilder.samples.DeviceLocationInput_parameters_deviceId_name":"Device or Device Group","block_apamax.analyticsbuilder.samples.Difference_description":"Calculates the absolute and signed differences between the connected inputs.","block_apamax.analyticsbuilder.samples.Difference_extendedDescription":"Only generates an output if both the inputs receive a value.","block_apamax.analyticsbuilder.samples.Difference_inputs_value1_description":"First input to the block.","block_apamax.analyticsbuilder.samples.Difference_inputs_value1_name":"Value 1","block_apamax.analyticsbuilder.samples.Difference_inputs_value2_description":"Second input to the block.","block_apamax.analyticsbuilder.samples.Difference_inputs_value2_name":"Value 2","block_apamax.analyticsbuilder.samples.Difference_name":"Difference","block_apamax.analyticsbuilder.samples.Difference_outputs_absoluteDifference_description":"The absolute difference of the inputs.","block_apamax.analyticsbuilder.samples.Difference_outputs_absoluteDifference_name":"Absolute Difference","block_apamax.analyticsbuilder.samples.Difference_outputs_signedDifference_description":"The signed difference of the inputs. Positive if the Value 1 input is larger than the Value 2 input.","block_apamax.analyticsbuilder.samples.Difference_outputs_signedDifference_name":"Signed Difference","block_apamax.analyticsbuilder.samples.DualMeasurementIO_description":"Receives <tt>Measurement</tt> objects from Cumulocity and outputs the ratio between values on the numerator and denominator inputs.","block_apamax.analyticsbuilder.samples.DualMeasurementIO_extendedDescription":"This also generates output to measurements defined by ratio and inverse ratio.","block_apamax.analyticsbuilder.samples.DualMeasurementIO_name":"Dual Measurement Input","block_apamax.analyticsbuilder.samples.DualMeasurementIO_outputs_ratio_description":"The numerator value divided by denominator.","block_apamax.analyticsbuilder.samples.DualMeasurementIO_outputs_ratio_name":"Ratio","block_apamax.analyticsbuilder.samples.DualMeasurementIO_parameters_denominatorFragment_description":"Name of the input fragment for the denominator.","block_apamax.analyticsbuilder.samples.DualMeasurementIO_parameters_denominatorFragment_name":"Input Denominator Fragment","block_apamax.analyticsbuilder.samples.DualMeasurementIO_parameters_deviceId_description":"The device or device group from which the measurements have been received.","block_apamax.analyticsbuilder.samples.DualMeasurementIO_parameters_deviceId_extendedDescription":"The model editor uses the current device or device group name. This is mapped internally to the inventory identifier.","block_apamax.analyticsbuilder.samples.DualMeasurementIO_parameters_deviceId_name":"Device or Device Group","block_apamax.analyticsbuilder.samples.DualMeasurementIO_parameters_inverseFragment_description":"Name of the output fragment for the inverse ratio.","block_apamax.analyticsbuilder.samples.DualMeasurementIO_parameters_inverseFragment_name":"Output Inverse Ratio Fragment","block_apamax.analyticsbuilder.samples.DualMeasurementIO_parameters_numeratorFragment_description":"Name of the input fragment for the numerator.","block_apamax.analyticsbuilder.samples.DualMeasurementIO_parameters_numeratorFragment_name":"Input Numerator Fragment","block_apamax.analyticsbuilder.samples.DualMeasurementIO_parameters_ratioFragment_description":"Name of the output fragment for the ratio.","block_apamax.analyticsbuilder.samples.DualMeasurementIO_parameters_ratioFragment_name":"Output Ratio Fragment","block_apamax.analyticsbuilder.samples.HTTPOutput_description":"Invokes a REST endpoint using POST","block_apamax.analyticsbuilder.samples.HTTPOutput_extendedDescription":"An example of HTTP request from the block: <pre>\n<p></p>\nContent-Type: application/json\n<p></p>\n{{{}}\n<p></p>\nmodelName\":\"model_0\",\n<p></p>\nvalue\": {{{}}\n<p></p>\nvalue\":true,\n<p></p>\ntimestamp\":\"1563466239\",\n<p></p>\nproperties\": {{{}}\n<p></p>\nalt\":\"451\",\n<p></p>\nlng\":\"0.42\",\n<p></p>\nlat\":\"52.35\n<p></p>\n{{}}}\n<p></p>\n{{}}}\n<p></p>\n{{}}}\n<p></p>\n</pre>","block_apamax.analyticsbuilder.samples.HTTPOutput_inputs_value_description":"Input value to the block. This will be sent in the body of the post request.","block_apamax.analyticsbuilder.samples.HTTPOutput_inputs_value_name":"Value","block_apamax.analyticsbuilder.samples.HTTPOutput_name":"HTTPOutput","block_apamax.analyticsbuilder.samples.HTTPOutput_outputs_responseBody_description":"The HTTP response - any JSON properties are available as properties that the PropertyExtractor block can extract.","block_apamax.analyticsbuilder.samples.HTTPOutput_outputs_responseBody_name":"Response body","block_apamax.analyticsbuilder.samples.HTTPOutput_outputs_statusCode_description":"The HTTP response status code.","block_apamax.analyticsbuilder.samples.HTTPOutput_outputs_statusCode_name":"Response status code","block_apamax.analyticsbuilder.samples.HTTPOutput_parameters_host_description":"A valid host name or IP address.","block_apamax.analyticsbuilder.samples.HTTPOutput_parameters_host_name":"Host","block_apamax.analyticsbuilder.samples.HTTPOutput_parameters_path_description":"A path component, consisting of a sequence of path segments separated by a slash (/). A path is always defined for a URI, though the defined path may be empty.","block_apamax.analyticsbuilder.samples.HTTPOutput_parameters_path_name":"Path","block_apamax.analyticsbuilder.samples.HTTPOutput_parameters_port_description":"The host port number.","block_apamax.analyticsbuilder.samples.HTTPOutput_parameters_port_name":"Port","block_apamax.analyticsbuilder.samples.HTTPOutput_parameters_tlsEnabled_description":"If selected, block will use Transport-level security to transfer data over the network.  Certificate checking is not enabled.","block_apamax.analyticsbuilder.samples.HTTPOutput_parameters_tlsEnabled_name":"Use HTTPS","block_apamax.analyticsbuilder.samples.Offset_inputs_value_description":"input to the block.","block_apamax.analyticsbuilder.samples.Offset_inputs_value_name":"value","block_apamax.analyticsbuilder.samples.Offset_outputs_output_name":"output","block_apamax.analyticsbuilder.samples.Percentile_description":"Calculates a percentile based on the duration a value has been the current input to the Time Window block. The input of this block must be connected to a Time Window block output.","block_apamax.analyticsbuilder.samples.Percentile_extendedDescription":"The Percentile block provides the value that the time window's output was at or below for at least the specified percentage of the time.  Thus, a percentile of 0 is equivalent to the minimum, a percentile of 100 is equivalent to the maximum.  A percentile of 50 will give the value which the input (to the time window block) was at or below for 50% of the time.\n<p></p>\nA median (percentile 50) is typically a more stable average than the mean, where it is unaffected by the magnitude of spike values, and a 95th or 99th percentile may be useful in determining service level agreements (SLAs) thresholds.","block_apamax.analyticsbuilder.samples.Percentile_inputs_window_description":"Time Window input.","block_apamax.analyticsbuilder.samples.Percentile_inputs_window_name":"Time Window","block_apamax.analyticsbuilder.samples.Percentile_name":"Percentile","block_apamax.analyticsbuilder.samples.Percentile_outputs_output_description":"The nth percentile based on the window input.","block_apamax.analyticsbuilder.samples.Percentile_outputs_output_name":"Percentile value","block_apamax.analyticsbuilder.samples.Percentile_parameters_percentile_description":"The percentile as a percentage (0-100).","block_apamax.analyticsbuilder.samples.Percentile_parameters_percentile_extendedDescription":"What percentile to calculate from the input. The default of 50 will generate a median value.","block_apamax.analyticsbuilder.samples.Percentile_parameters_percentile_name":"Percentile","block_apamax.analyticsbuilder.samples.TimeDelay_derivedName":"Delay $delaySecs secs","block_apamax.analyticsbuilder.samples.TimeDelay_description":"Delays the input by the specified amount of time.","block_apamax.analyticsbuilder.samples.TimeDelay_inputs_value_description":"The input value to be delayed.","block_apamax.analyticsbuilder.samples.TimeDelay_inputs_value_name":"Value","block_apamax.analyticsbuilder.samples.TimeDelay_name":"Time Delay","block_apamax.analyticsbuilder.samples.TimeDelay_outputs_delayedValue_description":"The delayed output value.","block_apamax.analyticsbuilder.samples.TimeDelay_outputs_delayedValue_name":"Delayed Value","block_apamax.analyticsbuilder.samples.TimeDelay_parameters_delaySecs_description":"The amount of time (in seconds) by which the input will be delayed.","block_apamax.analyticsbuilder.samples.TimeDelay_parameters_delaySecs_extendedDescription":"This must be a finite and positive number.","block_apamax.analyticsbuilder.samples.TimeDelay_parameters_delaySecs_name":"Delay (secs)","block_apamax.analyticsbuilder.samples.TimeWindow_description":"Accumulates all values received by the block within the window duration and provides these as a property on the output. For use with blocks that will use the <tt>timeWindow</tt> property output from this block.","block_apamax.analyticsbuilder.samples.TimeWindow_extendedDescription":"<b>Warning</b> - high frequency input and/or long window durations can lead to excessive memory consumption and poor performance.  Aim for the number of values received within the window duration to be under 1,000 values.","block_apamax.analyticsbuilder.samples.TimeWindow_inputs_value_description":"Value to accumulate.","block_apamax.analyticsbuilder.samples.TimeWindow_inputs_value_name":"Value","block_apamax.analyticsbuilder.samples.TimeWindow_name":"Time Window","block_apamax.analyticsbuilder.samples.TimeWindow_outputs_windowContents_description":"Value containing a property <tt>timeWindow</tt> which is the contents of the window.","block_apamax.analyticsbuilder.samples.TimeWindow_outputs_windowContents_name":"Window contents","block_apamax.analyticsbuilder.samples.TimeWindow_parameters_durationSecs_description":"The duration of the window.","block_apamax.analyticsbuilder.samples.TimeWindow_parameters_durationSecs_name":"Duration (secs)","block_apamax.analyticsbuilder.samples.TimeWindow_parameters_outputPeriodSecs_description":"Time betweeen outputs.  If not specified, output period is the same as the window duration.","block_apamax.analyticsbuilder.samples.TimeWindow_parameters_outputPeriodSecs_name":"Output period (secs)","sample_blk_apamax.analyticsbuilder.samples.DeviceLocationInput_no_devices":"No devices found in group '{{0}}'","sample_blk_apamax.analyticsbuilder.samples.HTTPOutput_unexpected_port_value":"Invalid value for Port '{{0}}'. It should be between 1 and 65535.","sample_blk_apamax.analyticsbuilder.samples.Percentile_invalidValue":"Invalid value for '{{0}}' - '{{1}}' must be in the range 0 to 100 inclusive."},"runtime":{"fwk_apama_analyticskit_inventory_utilities_both_group_device":"Given device '{{0}}' is both device and group in inventory.","fwk_apama_analyticskit_inventory_utilities_broadcast_device_member_of_group":"A broadcast device '{{0}}' cannot be a member of group.","fwk_apama_analyticskit_inventory_utilities_no_managed_object":"No managed object found for device identifier '{{0}}'.","fwk_block_inputs_inconsistent":"Inconsistent input types - first is '{{0}}' while '{{1}}' is '{{2}}'.","fwk_block_inputs_unsupported_type_should_be_bool_or_pulse":"Unsupported types: '{{0}}' is '{{1}}'.","fwk_block_output_error":"Invalid output type {{0}} specified for {{1}} of type {{2}}: {{3}}","fwk_block_param_not_enum_value":"Value '{{0}}' for parameter '{{1}}' is not valid.","fwk_block_param_not_exist":"'{{0}}' does not exist.","fwk_block_param_required_not_provided":"No value provided for required parameter '{{0}}'.","fwk_block_param_supplied_but_none":"Parameter values provided for a block with no parameters.","fwk_block_param_wrong_type":"'{{0}}' of type '{{1}}' cannot be set to '{{2}}' of type '{{3}}'.","fwk_block_set_param_error":"Error setting parameter: {{0}}","fwk_block_validating_params":"Error validating parameters: {{0}}","fwk_generic_not_localized":"Internal error occurred. Details: {{0}}","fwk_modelId_not_unique":"Model identifier '{{0}}' is not unique.","fwk_model_block_not_a_block":"'{{0}}' is not a valid block (must have field '{{1}}').","fwk_model_broadcast_chain_forbidden":"A broadcast input cannot be chained from another model ('{{0}}').","fwk_model_broadcast_out_with_other_inputs":"A model cannot generate broadcast output if it has any non-broadcast inputs or outputs.","fwk_model_dup_output":"Modelle '{{0}}' und '{{1}}' senden beide an {{2}}.","fwk_model_dup_output_1":"Model '{{0}}' and '{{1}}' are both sending '{{2}}' with {{3}}.","fwk_model_dup_output_partitioned":"Model '{{0}}' and '{{1}}' are both sending '{{2}}' for source '{{3}}' with {{4}}.","fwk_model_end_time_not_simulation":"End time provided but model is not in simulation mode.","fwk_model_mixed_io_mode":"A model cannot use both shared and device-specific inputs and outputs.","fwk_model_multi_device_io":"A model cannot use device-specific inputs and outputs from multiple devices.","fwk_model_no_start_time":"Start time not provided for simulated model.","fwk_model_out_with_no_valid_inputs":"Device or Trigger device output cannot be used without any valid inputs.","fwk_model_scope_params_invalid":"Model parameters have invalid property '{{0}}'","fwk_model_simulation_no_sim_properties":"No simulation properties provided for simulated model.","fwk_model_start_time_not_simulation":"Start time provided but model is not in simulation mode.","fwk_model_to_model_cycle":"Found a cycle between models: {{0}}.","fwk_model_unexpected_termination":"Unexpected termination of monitor; check log file.","fwk_no_blocks_defined":"No blocks defined.","fwk_no_prefix":"{{0}}","fwk_param_finite_non-negative_value":"The value of '{{0}}':'{{1}}' must be a finite and non-negative number.","fwk_param_finite_positive_value":"The value of '{{0}}':'{{1}}' must be a finite and positive number.","fwk_param_finite_value":"The value of '{{0}}':'{{1}}' must be a finite number.","fwk_param_non-zero_value":"The value of '{{0}}':'{{1}}' must be non-zero.","fwk_param_positive_value":"The value of '{{0}}':'{{1}}' must be a positive number.","fwk_param_should_not_be_empty":"'{{0}}' must not be empty.","fwk_param_two-inputs":"At least 2 inputs must be connected.","fwk_parser_compiler_call_incorrect_parameters_count":"The method '{{0}}' requires {{1}} parameter(s) but {{2}} provided.","fwk_parser_compiler_call_not_static_action":"The method '{{0}}' is not a static method.","fwk_parser_compiler_call_on_wrong_type":"Cannot call methods on {{0}}","fwk_parser_compiler_call_unknown_constant":"No constant '{{0}}' exists for type {{1}}.","fwk_parser_compiler_call_unsupported_param_type":"Unsupported parameter type {{0}} for method '{{1}}'.","fwk_parser_compiler_call_wrong_param_type":"Incorrect parameter type {{0}} for method '{{1}}'.","fwk_parser_compiler_call_wrong_return_type":"Unsupported return type {{0}} for method '{{1}}'","fwk_parser_compiler_incompatible_types_op":"Cannot apply operator '{{0}}' to {{1}} and {{2}}.","fwk_parser_compiler_not_connected":"Input '{{0}}' is required but not connected.","fwk_parser_compiler_unary_wrong_type":"Cannot apply unary operator '{{0}}' to {{1}}","fwk_parser_compiler_unavailable_input":"Attempting to use '{{0}}' in an expression which is not an available input.","fwk_parser_compiler_unsupported_type":"Input '{{0}}' is of unsupported type {{1}}","fwk_parser_invalid_escape":"Invalid escape character '{{0}}'","fwk_parser_invalid_operator":"Invalid operator '{{0}}'","fwk_parser_lexer_error":"{{0}}: {{1}} '{{2}}'","fwk_parser_parser_call":"a call","fwk_parser_parser_close_bracket":"close bracket","fwk_parser_parser_comma":"comma","fwk_parser_parser_end_of_expr":"end of expression or operator","fwk_parser_parser_error":"Unexpected {{0}}: expected {{1}} in '{{2}}': '{{3}}'","fwk_parser_parser_expression":"expression","fwk_parser_parser_field_lookup":"Feldsuche","fwk_parser_token_end_of_expr":"end of expression","fwk_parser_token_identifier":"token identifier '{{0}}'","fwk_parser_token_number":"token number '{{0}}'","fwk_parser_token_operator":"token operator '{{0}}'","fwk_parser_token_other":"token '{{0}}'","fwk_parser_unexpected_end_of_input":"Unexpected end of input","fwk_parser_unrecognised_char":"Unrecognized character '{{0}}'","fwk_parser_where_boolean":"In a boolean in","fwk_parser_where_comment":"In a comment in","fwk_parser_where_identifier":"In an identifier in","fwk_parser_where_operator":"In an operator in","fwk_parser_where_parsing":"In parsing","fwk_parser_where_string":"In a string in","fwk_parser_where_unknown":"In parsing","fwk_runtimeError":"Runtime error: {{0}}","fwk_validationFailed":"Validation failed: {{0}}","fwk_wire_input_name_not_found":"Input name '{{0}}' specified by a wire does not exist.","fwk_wire_output_name_not_found":"Output name '{{0}}' specified by a wire does not exist.","fwk_wire_wrong_type":"Cannot convert '{{0}}' output to '{{1}}' for input '{{2}}'."}},2)
com.apama.scenario.Acknowledge("analytics_factory",-1,3,true,["",""])
com.apama.scenario.Created("analytics_factory",-1,3,"*","RUNNING",["model_0","1","PRODUCTION","{}","{\"modelProperties\":{},\"nodeDataArray\":[{\"id\":\"apamax.analyticsbuilder.samples.Offset\",\"name\":\"\",\"categoryName\":\"\",\"parameters\":[],\"key\":\"0\",\"type\":\"\"},{\"id\":\"apamax.analyticsbuilder.test.TestInput\",\"name\":\"\",\"categoryName\":\"\",\"parameters\":[{\"semanticType\":null,\"id\":\"inputId\",\"type\":null,\"value\":\"value\"},{\"semanticType\":null,\"id\":\"type\",\"type\":null,\"value\":\"float\"}],\"key\":\"input_value\",\"type\":\"\"},{\"id\":\"apamax.analyticsbuilder.test.TestOutput\",\"name\":\"\",\"categoryName\":\"\",\"parameters\":[{\"semanticType\":null,\"id\":\"outputId\",\"type\":null,\"value\":\"output\"}],\"key\":\"output_output\",\"type\":\"\"}],\"linkDataArray\":[{\"to\":\"0\",\"inputId\":\"output\",\"outputId\":\"value\",\"from\":\"input_value\"},{\"to\":\"output_output\",\"inputId\":\"output\",\"outputId\":\"input\",\"from\":\"0\"}]}"],["","[]"])
com.apama.scenario.Created("analytics_factory",-1,3,"*","RUNNING",["model_0","1","PRODUCTION","{}","{\"modelProperties\":{},\"nodeDataArray\":[{\"id\":\"apamax.analyticsbuilder.samples.Offset\",\"name\":\"\",\"categoryName\":\"\",\"parameters\":[],\"key\":\"0\",\"type\":\"\"},{\"id\":\"apamax.analyticsbuilder.test.TestInput\",\"name\":\"\",\"categoryName\":\"\",\"parameters\":[{\"semanticType\":null,\"id\":\"inputId\",\"type\":null,\"value\":\"value\"},{\"semanticType\":null,\"id\":\"type\",\"type\":null,\"value\":\"float\"}],\"key\":\"input_value\",\"type\":\"\"},{\"id\":\"apamax.analyticsbuilder.test.TestOutput\",\"name\":\"\",\"categoryName\":\"\",\"parameters\":[{\"semanticType\":null,\"id\":\"outputId\",\"type\":null,\"value\":\"output\"}],\"key\":\"output_output\",\"type\":\"\"}],\"linkDataArray\":[{\"to\":\"0\",\"inputId\":\"output\",\"outputId\":\"value\",\"from\":\"input_value\"},{\"to\":\"output_output\",\"inputId\":\"output\",\"outputId\":\"input\",\"from\":\"0\"}]}"],["","[]"])
apamax.analyticsbuilder.test.Input("value","model_0","",any(float,100.75))
apamax.analyticsbuilder.test.Output("output","model_0","",1.1,any(float,200.75),{})
apamax.analyticsbuilder.test.Input("value","model_0","",any(float,10.5))
apamax.analyticsbuilder.test.Output("output","model_0","",2.1,any(float,110.5),{})
